// Jest Snapshot v1, https://goo.gl/fbAQLP

exports[`FormAction component test renders without crashing 1`] = `ReactWrapper {}`;
