// Jest Snapshot v1, https://goo.gl/fbAQLP

exports[`Index component test renders without crashing 1`] = `ReactWrapper {}`;
