// Jest Snapshot v1, https://goo.gl/fbAQLP

exports[`MenuItem component test renders without crashing 1`] = `ReactWrapper {}`;
